<?xml version="1.0" encoding="utf-8"?><testsuites><testsuite name="pytest" errors="0" failures="0" skipped="0" tests="5" time="0.047" timestamp="2025-02-14T20:41:05.445466" hostname="Bhanus-MBP"><testcase classname="tests.test_calculator" name="test_add" time="0.028" /><testcase classname="tests.test_calculator" name="test_subtract" time="0.000" /><testcase classname="tests.test_calculator" name="test_multiply" time="0.000" /><testcase classname="tests.test_logger" name="test_log" time="0.000" /><testcase classname="tests.test_notifier" name="test_notify" time="0.000" /></testsuite></testsuites>